[36;1mbody-parser[22;39m [33;1mdeprecated[22;39m [0mundefined extended: provide extended option[39m [36mapp.js:68:20[39m
App listen on 3006 port
NEW ROUND STARTED
NEW ROUND STARTED
NEW ROUND STARTED
NEW ROUND STARTED
NEW ROUND STARTED
NEW ROUND STARTED
NEW ROUND STARTED
NEW ROUND STARTED
NEW ROUND STARTED
NEW ROUND STARTED
NEW ROUND STARTED
NEW ROUND STARTED
NEW ROUND STARTED
NEW ROUND STARTED
NEW ROUND STARTED
NEW ROUND STARTED
NEW ROUND STARTED
NEW ROUND STARTED
NEW ROUND STARTED
NEW ROUND STARTED
NEW ROUND STARTED
NEW ROUND STARTED
NEW ROUND STARTED
NEW ROUND STARTED
NEW ROUND STARTED
NEW ROUND STARTED
NEW ROUND STARTED
NEW ROUND STARTED
NEW ROUND STARTED
NEW ROUND STARTED
NEW ROUND STARTED
NEW ROUND STARTED
NEW ROUND STARTED
NEW ROUND STARTED
NEW ROUND STARTED
NEW ROUND STARTED
NEW ROUND STARTED
NEW ROUND STARTED
NEW ROUND STARTED
NEW ROUND STARTED
NEW ROUND STARTED
NEW ROUND STARTED
NEW ROUND STARTED
NEW ROUND STARTED
NEW ROUND STARTED
NEW ROUND STARTED
NEW ROUND STARTED
NEW ROUND STARTED
NEW ROUND STARTED
NEW ROUND STARTED
NEW ROUND STARTED
NEW ROUND STARTED
NEW ROUND STARTED
NEW ROUND STARTED
NEW ROUND STARTED
NEW ROUND STARTED
NEW ROUND STARTED
NEW ROUND STARTED
NEW ROUND STARTED
NEW ROUND STARTED
NEW ROUND STARTED
NEW ROUND STARTED
NEW ROUND STARTED
NEW ROUND STARTED
NEW ROUND STARTED
NEW ROUND STARTED
NEW ROUND STARTED
NEW ROUND STARTED
NEW ROUND STARTED
NEW ROUND STARTED
NEW ROUND STARTED
NEW ROUND STARTED
NEW ROUND STARTED
NEW ROUND STARTED
NEW ROUND STARTED
NEW ROUND STARTED
NEW ROUND STARTED
NEW ROUND STARTED
NEW ROUND STARTED
NEW ROUND STARTED
NEW ROUND STARTED
NEW ROUND STARTED
NEW ROUND STARTED
NEW ROUND STARTED
NEW ROUND STARTED
NEW ROUND STARTED
NEW ROUND STARTED
NEW ROUND STARTED
NEW ROUND STARTED
NEW ROUND STARTED
